Error at line 3: the definition of symbol 'a' is circular
