fac
	fac
f
	print
	fac
main
	f
fac = {fac}
f = {print, fac}
main = {print, fac, f}
