Program
  List
    Function
      IdDecl ID="a"
      List
      Block
        List
          Declaration
            IdDecl ID="a"
          ReAssignment
            IdUse ID="a"
            IntValue INTEGER="1"
