Program
  List
    Function
      IdDecl ID="a"
      List
      Block
        Opt
          List
            Declaration
              IdDecl ID="a"
            Declaration
              IdDecl ID="b"
            ReAssignment
              IdUse ID="b"
              Div
                IntValue INTEGER="2"
                IntValue INTEGER="2"
            ReAssignment
              IdUse ID="a"
              Div
                IdUse ID="b"
                IntValue INTEGER="2"
