Program
  List
    Function
      IdDecl ID="a"
      List
      Block
        List
          Declaration
            IdDecl ID="a"
          Declaration
            IdDecl ID="b"
          ReAssignment
            IdUse ID="b"
            Mod
              IntValue INTEGER="2"
              IntValue INTEGER="2"
          ReAssignment
            IdUse ID="a"
            Mod
              IdUse ID="b"
              IntValue INTEGER="2"
