Error at line 3: type error 'a' is not a variable
