Error at line 2: type error '<int>' found, expected '<boolean>
