Program
  List
    Function
      Id ID="a"
      Opt
        List
          IdDecl ID="a"
      Block
        Opt
    Function
      Id ID="b"
      Opt
        List
          IdDecl ID="a"
          IdDecl ID="b"
      Block
        Opt
