Program
  List
    Function
      Id ID="a"
      List
      Block
        Opt
          List
            Declaration
              IdDecl ID="a"
              Opt
            Assignment
              IdUse ID="a"
              IntValue INTEGER="2"
            Return
              IdUse ID="a"
    Function
      Id ID="b"
      List
      Block
        Opt
          List
            Return
              IntValue INTEGER="2"
    Function
      Id ID="b"
      List
      Block
        Opt
          List
            Declaration
              IdDecl ID="a"
              Opt
            Assignment
              IdUse ID="a"
              IntValue INTEGER="2"
            Return
              Add
                IdUse ID="a"
                IntValue INTEGER="2"
