Program
  List
    Function
      IdDecl ID="a"
      List
      Block
        List
          Declaration
            IdDecl ID="a"
          ReAssignment
            IdUse ID="a"
            IntValue INTEGER="2"
          IfStmt
            Equal
              IdUseExpr
                IdUse ID="a"
              IntValue INTEGER="2"
            Block
              List
                ReAssignment
                  IdUse ID="a"
                  IntValue INTEGER="3"
            Opt
              Block
                List
                  ReAssignment
                    IdUse ID="a"
                    IntValue INTEGER="2"
