Program
  List
    Function
      IdDecl ID="gcd1"
      List
        IdDecl ID="a"
        IdDecl ID="b"
      Block
        List
          WhileStmt
            NotEqual
              IdUseExpr
                IdUse ID="a"
              IdUseExpr
                IdUse ID="b"
            Block
              List
                IfStmt
                  Greater
                    IdUseExpr
                      IdUse ID="a"
                    IdUseExpr
                      IdUse ID="b"
                  Block
                    List
                      ReAssignment
                        IdUse ID="a"
                        Sub
                          IdUseExpr
                            IdUse ID="a"
                          IdUseExpr
                            IdUse ID="b"
                  Opt
                    Block
                      List
                        ReAssignment
                          IdUse ID="b"
                          Sub
                            IdUseExpr
                              IdUse ID="b"
                            IdUseExpr
                              IdUse ID="a"
          Return
            IdUseExpr
              IdUse ID="a"
    Function
      IdDecl ID="gcd2"
      List
        IdDecl ID="a"
        IdDecl ID="b"
      Block
        List
          IfStmt
            Equal
              IdUseExpr
                IdUse ID="b"
              IntValue INTEGER="0"
            Block
              List
                Return
                  IdUseExpr
                    IdUse ID="a"
            Opt
          Return
            FuncCall
              IdUse ID="gcd2"
              List
                IdUseExpr
                  IdUse ID="b"
                Mod
                  IdUseExpr
                    IdUse ID="a"
                  IdUseExpr
                    IdUse ID="b"
    Function
      IdDecl ID="main"
      List
      Block
        List
          Declaration
            IdDecl ID="a"
          Declaration
            IdDecl ID="b"
          ReAssignment
            IdUse ID="a"
            FuncCall
              IdUse ID="read"
              List
          ReAssignment
            IdUse ID="b"
            FuncCall
              IdUse ID="read"
              List
          FunctionStmt
            FuncCall
              IdUse ID="print"
              List
                FuncCall
                  IdUse ID="gcd1"
                  List
                    IdUseExpr
                      IdUse ID="a"
                    IdUseExpr
                      IdUse ID="b"
          FunctionStmt
            FuncCall
              IdUse ID="print"
              List
                FuncCall
                  IdUse ID="gcd2"
                  List
                    IdUseExpr
                      IdUse ID="a"
                    IdUseExpr
                      IdUse ID="b"
          Assignment
            IdDecl ID="diff"
            Sub
              FuncCall
                IdUse ID="gcd1"
                List
                  IdUseExpr
                    IdUse ID="a"
                  IdUseExpr
                    IdUse ID="b"
              FuncCall
                IdUse ID="gcd2"
                List
                  IdUseExpr
                    IdUse ID="a"
                  IdUseExpr
                    IdUse ID="b"
          FunctionStmt
            FuncCall
              IdUse ID="print"
              List
                IdUseExpr
                  IdUse ID="diff"
          Return
            IntValue INTEGER="0"
