Program
  List
    Function
      IdDecl ID="a"
      List
      Block
        Opt
          List
            Declaration
              IdDecl ID="a"
              Opt
            Assignment
              IdUse ID="a"
              IntValue INTEGER="2"
            IfStmt
              Equal
                IdUse ID="a"
                IntValue INTEGER="2"
              Block
                Opt
                  List
                    Assignment
                      IdUse ID="a"
                      IntValue INTEGER="3"
              Opt
                Block
                  Opt
                    List
                      Assignment
                        IdUse ID="a"
                        IntValue INTEGER="2"
