Program
  List
    Function
      IdDecl ID="a"
      List
      Block
        Opt
    Function
      IdDecl ID="b"
      List
      Block
        Opt
