Condition: 1
1
Condition: 1
2
Condition: 1
1
Condition: 1
2
Condition: 1
1
Condition: 1
2
Condition: 0
Condition: 0
Condition: 0
Condition: 0
Condition: 0
Condition: 0
