Assignment: main0_i = 0
If condition: 1
Assignment: main1_0_i = 1
If condition: 1
Assignment: main1_1_0_i = 2
Print: 2
Print: 1
Print: 0
