Assignment: main0_b = 3
While condition: 1
ReAssignment: main0_b = 2
While condition: 1
ReAssignment: main0_b = 1
While condition: 1
ReAssignment: main0_b = 0
While condition: 0
ReAssignment: main0_b = -1
