Error at line 2: type error 'a' does not have the correct number of parameters
